Microsoft Windows [Version 6.3.9600]
(c) 2013 Microsoft Corporation. All rights reserved.

C:\Users\NKDHAKER>E:

E:\>Cd eclipse\comviva_file\src

E:\Eclipse\Comviva_File\src>javac Task1.java

E:\Eclipse\Comviva_File\src>java task1
Error: Could not find or load main class task1

E:\Eclipse\Comviva_File\src>java Task1
Check details in File 'Mobile_No_Prefix'

Chose Your operation:
1: File BY Date:
2: File BY Month
1
Enter No. of Records per File:
2000
Enter No. of File's For A Day
10
Enter length Of Mobile No :
11
Enter A Date in YYYYMMDD Format:
20151030
Date is:20151030
File NO:10
File NO:9
File NO:8
File NO:7
File NO:6
File NO:5
File NO:4
File NO:3
File NO:2
File NO:1

E:\Eclipse\Comviva_File\src>

